// Jest Snapshot v1, https://goo.gl/fbAQLP

exports[`Test SearchArticle Snapshot 1`] = `
<div>
  <div
    class="container"
  >
    <form
      class="container"
    >
      <input
        autocomplete="off"
        class="input"
        name="keyword"
        value=""
      />
      <button
        class="btn"
      >
        <i
          class="fas fa-search"
        />
      </button>
    </form>
    <div
      class="artilce-list"
    >
      <div
        class="container"
      >
        <div
          class="loading"
        >
          <i
            class="fas fa-circle-notch fa-spin"
          />
        </div>
      </div>
    </div>
  </div>
</div>
`;
