// Jest Snapshot v1, https://goo.gl/fbAQLP

exports[`Test SearchInput Snapshot 1`] = `
<div>
  <form
    class="container"
  >
    <input
      autocomplete="off"
      class="input"
      name="keyword"
      value=""
    />
    <button
      class="btn"
    >
      <i
        class="fas fa-search"
      />
    </button>
  </form>
</div>
`;
